// Jest Snapshot v1, https://goo.gl/fbAQLP

exports[`should render on form submission 1`] = `
<div>
  <h3>
    Add expense component
  </h3>
  <ExpenseForm
    onSubmit={[Function]}
  />
</div>
`;
