// Jest Snapshot v1, https://goo.gl/fbAQLP

exports[`should display Expense list 1`] = `
<div>
  <h2>
    Expense List
  </h2>
  <Connect(Expense)
    amount={500}
    createdAt={"1969-12-27T00:00:00.000Z"}
    description="rent"
    id={1}
    key="0"
    note="housing"
  />
  <Connect(Expense)
    amount={400}
    createdAt={"1970-01-06T00:00:00.000Z"}
    description="bread"
    id={2}
    key="1"
    note="food"
  />
  <Connect(Expense)
    amount={1000}
    createdAt={"1970-01-01T00:00:00.000Z"}
    description="pan"
    id={3}
    key="2"
    note="food"
  />
</div>
`;

exports[`should display no expenses 1`] = `
<div>
  <h2>
    Expense List
  </h2>
  <p>
    There are no expenses
  </p>
</div>
`;
