// Jest Snapshot v1, https://goo.gl/fbAQLP

exports[`should display an individual expense 1`] = `
<div
  className="expense"
>
  <Link
    to="/edit/undefined"
  >
    <h3 />
  </Link>
  <p>
    â‚¦0.00
    -
    January 1st, 1970
  </p>
  <button
    onClick={[Function]}
  >
    remove
  </button>
</div>
`;
