// Jest Snapshot v1, https://goo.gl/fbAQLP

exports[`should render header correctly 1`] = `
<div>
  <h1>
    Expensify App
  </h1>
  <div
    className="spread"
  >
    <NavLink
      activeClassName="indicate"
      exact={true}
      to="/"
    >
      Dashboard 
    </NavLink>
    <NavLink
      activeClassName="indicate"
      to="/create"
    >
      Expense
    </NavLink>
    <NavLink
      activeClassName="indicate"
      to="/help"
    >
      Help
    </NavLink>
  </div>
</div>
`;
