// Jest Snapshot v1, https://goo.gl/fbAQLP

exports[`should display the error page not found 1`] = `
<div>
  this is the help page
</div>
`;
